
[YTUnlock] ==== new session 2026-08-03 13:45:48 +0000 ====
[YTUnlock] ctor start
[YTUnlock] patching LoginViewController
[YTUnlock] hooked viewDidAppear:
[YTUnlock] hooked submitTapped
[YTUnlock] ctor done (direct)
[YTUnlock] LoginVC appeared, will unlock after settle
[YTUnlock] report(prev-session) -> sent
[YTUnlock] settle done, firing unlock now
[YTUnlock] block caps: +0x20=UIWindow  +0x28=AppViewController
[YTUnlock] rootVC not found in block caps, abort
[YTUnlock] submitTapped -> direct unlock
[YTUnlock] block caps: +0x20=UIWindow  +0x28=AppViewController
[YTUnlock] rootVC not found in block caps, abort
[YTUnlock] submitTapped -> direct unlock
[YTUnlock] block caps: +0x20=UIWindow  +0x28=AppViewController
[YTUnlock] rootVC not found in block caps, abort
[YTUnlock] submitTapped -> direct unlock
[YTUnlock] block caps: +0x20=UIWindow  +0x28=AppViewController
[YTUnlock] rootVC not found in block caps, abort
[YTUnlock] submitTapped -> direct unlock
[YTUnlock] block caps: +0x20=UIWindow  +0x28=AppViewController
[YTUnlock] rootVC not found in block caps, abort
[YTUnlock] submitTapped -> direct unlock
[YTUnlock] block caps: +0x20=UIWindow  +0x28=AppViewController
[YTUnlock] rootVC not found in block caps, abort
[YTUnlock] submitTapped -> direct unlock
[YTUnlock] block caps: +0x20=UIWindow  +0x28=AppViewController
[YTUnlock] rootVC not found in block caps, abort
[YTUnlock] submitTapped -> direct unlock
[YTUnlock] block caps: +0x20=UIWindow  +0x28=AppViewController
[YTUnlock] rootVC not found in block caps, abort
[YTUnlock] submitTapped -> direct unlock
[YTUnlock] block caps: +0x20=UIWindow  +0x28=AppViewController
[YTUnlock] rootVC not found in block caps, abort
[YTUnlock] submitTapped -> direct unlock
[YTUnlock] block caps: +0x20=UIWindow  +0x28=AppViewController
[YTUnlock] rootVC not found in block caps, abort
[YTUnlock] submitTapped -> direct unlock
[YTUnlock] block caps: +0x20=UIWindow  +0x28=AppViewController
[YTUnlock] rootVC not found in block caps, abort
[YTUnlock] submitTapped -> direct unlock
[YTUnlock] block caps: +0x20=UIWindow  +0x28=AppViewController
[YTUnlock] rootVC not found in block caps, abort
[YTUnlock] submitTapped -> direct unlock
[YTUnlock] block caps: +0x20=UIWindow  +0x28=AppViewController
[YTUnlock] rootVC not found in block caps, abort
[YTUnlock] submitTapped -> direct unlock
[YTUnlock] block caps: +0x20=UIWindow  +0x28=AppViewController
[YTUnlock] rootVC not found in block caps, abort
[YTUnlock] submitTapped -> direct unlock
[YTUnlock] block caps: +0x20=UIWindow  +0x28=AppViewController
[YTUnlock] rootVC not found in block caps, abort
